
Memory Configuration

Name             Origin             Length             Attributes
ram              0x80000000         0x00500000         xrw
*default*        0x00000000         0xffffffff

Linker script and memory map

                0x00000000                __DYNAMIC=0x0
                0x00400000                PROVIDE (__stack, 0x400000)
                0x00000000                PROVIDE (hardware_init_hook, 0x0)
                0x00000000                PROVIDE (_hardware_init_hook, 0x0)
                0x00000000                PROVIDE (software_init_hook, 0x0)
                0x00000000                PROVIDE (_software_init_hook, 0x0)

.text           0x80000000    0x6f680
 *(.text)
 .text          0x80000000      0x258 S2_String_Check.o
                0x80000000                S2_String_Check_EventHandler
                0x8000017e                S2_String_CheckEventHandler00000
                0x800000bc                S2_String_Check_main
 .text          0x80000258      0x94a S2_MPS_Text_Centering.o
                0x80000710                S2_MPS_Text_CenteringEventHandler00000
                0x800009c2                S2_MPS_Text_Centering_main
                0x800008f2                S2_MPS_Text_Centering_EventHandler
 *fill*         0x80000ba2        0x2
 .text          0x80000ba4      0xe48 S2_Knob_Acceleration__Pkt_.o
                0x80001518                S2_Knob_Acceleration__Pkt__main
                0x800011a6                S2_Knob_Acceleration__Pkt_EventHandler00000
                0x8000143a                S2_Knob_Acceleration__Pkt__EventHandler
 .text          0x800019ec     0x5420 S2_DMPS_Text_Router_v1_0.o
                0x80006c44                S2_DMPS_Text_Router_v1_0EventHandler00009
                0x80006bee                S2_DMPS_Text_Router_v1_0EventHandler00008
                0x800061aa                S2_DMPS_Text_Router_v1_0_main
                0x8000689c                S2_DMPS_Text_Router_v1_0EventHandler00001
                0x80006a8e                S2_DMPS_Text_Router_v1_0EventHandler00004
                0x80006d8a                S2_DMPS_Text_Router_v1_0EventHandler0000B
                0x80006b1a                S2_DMPS_Text_Router_v1_0EventHandler00007
                0x8000697a                S2_DMPS_Text_Router_v1_0EventHandler00002
                0x80005f66                S2_DMPS_Text_Router_v1_0_EventHandler
                0x800067be                S2_DMPS_Text_Router_v1_0EventHandler00000
                0x80003c78                S2_DMPS_Text_Router_v1_0EventHandler00005
                0x80004c2a                S2_DMPS_Text_Router_v1_0EventHandler00006
                0x80006a02                S2_DMPS_Text_Router_v1_0EventHandler00003
                0x80006ce6                S2_DMPS_Text_Router_v1_0EventHandler0000A
 .text          0x80006e0c    0x4be18 S2_DMPS_Installer_Tools_v1_13.o
                0x80042190                S2_DMPS_Installer_Tools_v1_13EventHandler00029
                0x80044cb0                S2_DMPS_Installer_Tools_v1_13EventHandler00051
                0x8003fbf0                S2_DMPS_Installer_Tools_v1_13EventHandler00014
                0x8005257a                S2_DMPS_Installer_Tools_v1_13EventHandler00044
                0x80016cea                S2_DMPS_Installer_Tools_v1_13EventHandler00001
                0x80012936                S2_DMPS_Installer_Tools_v1_13KEYPADIDWAIT
                0x80051fec                S2_DMPS_Installer_Tools_v1_13EventHandler0003B
                0x80052264                S2_DMPS_Installer_Tools_v1_13EventHandler0003F
                0x8001fc56                S2_DMPS_Installer_Tools_v1_13EventHandler00006
                0x800523a0                S2_DMPS_Installer_Tools_v1_13EventHandler00041
                0x8001b00a                S2_DMPS_Installer_Tools_v1_13EventHandler00004
                0x80052752                S2_DMPS_Installer_Tools_v1_13EventHandler00047
                0x80043a62                S2_DMPS_Installer_Tools_v1_13EventHandler0004D
                0x80046d84                S2_DMPS_Installer_Tools_v1_13_main
                0x800255d4                S2_DMPS_Installer_Tools_v1_13EventHandler0000A
                0x80042ce8                S2_DMPS_Installer_Tools_v1_13EventHandler0002F
                0x80051762                S2_DMPS_Installer_Tools_v1_13EventHandler00011
                0x80052b46                S2_DMPS_Installer_Tools_v1_13EventHandler00054
                0x80040cc6                S2_DMPS_Installer_Tools_v1_13EventHandler0001B
                0x80024c86                S2_DMPS_Installer_Tools_v1_13EventHandler00008
                0x8005288a                S2_DMPS_Installer_Tools_v1_13EventHandler00049
                0x80052bda                S2_DMPS_Installer_Tools_v1_13EventHandler00056
                0x80051eb0                S2_DMPS_Installer_Tools_v1_13EventHandler00039
                0x800517ee                S2_DMPS_Installer_Tools_v1_13EventHandler00019
                0x80041636                S2_DMPS_Installer_Tools_v1_13EventHandler00022
                0x80041cbe                S2_DMPS_Installer_Tools_v1_13EventHandler00026
                0x800516e6                S2_DMPS_Installer_Tools_v1_13PASSWORDWAIT
                0x800521c6                S2_DMPS_Installer_Tools_v1_13EventHandler0003E
                0x80052926                S2_DMPS_Installer_Tools_v1_13EventHandler0004A
                0x80040ffe                S2_DMPS_Installer_Tools_v1_13EventHandler0001C
                0x8004352a                S2_DMPS_Installer_Tools_v1_13EventHandler00032
                0x80052afc                S2_DMPS_Installer_Tools_v1_13EventHandler00053
                0x800424b0                S2_DMPS_Installer_Tools_v1_13EventHandler0002B
                0x800403cc                S2_DMPS_Installer_Tools_v1_13EventHandler00016
                0x80051b9a                S2_DMPS_Installer_Tools_v1_13EventHandler00034
                0x8003ddda                S2_DMPS_Installer_Tools_v1_13EventHandler0000E
                0x80046c60                S2_DMPS_Installer_Tools_v1_13_EventHandler
                0x800526b6                S2_DMPS_Installer_Tools_v1_13EventHandler00046
                0x8002575c                S2_DMPS_Installer_Tools_v1_13EventHandler0000B
                0x80052a5e                S2_DMPS_Installer_Tools_v1_13EventHandler0004E
                0x800172e6                S2_DMPS_Installer_Tools_v1_13EventHandler00003
                0x80052302                S2_DMPS_Installer_Tools_v1_13EventHandler00040
                0x80051f4e                S2_DMPS_Installer_Tools_v1_13EventHandler0003A
                0x8001b53e                S2_DMPS_Installer_Tools_v1_13EventHandler00005
                0x800527ee                S2_DMPS_Installer_Tools_v1_13EventHandler00048
                0x80052b90                S2_DMPS_Installer_Tools_v1_13EventHandler00055
                0x80051a2a                S2_DMPS_Installer_Tools_v1_13EventHandler0001E
                0x8002544c                S2_DMPS_Installer_Tools_v1_13EventHandler00009
                0x80043400                S2_DMPS_Installer_Tools_v1_13EventHandler00031
                0x8003e474                S2_DMPS_Installer_Tools_v1_13EventHandler00010
                0x8004197a                S2_DMPS_Installer_Tools_v1_13EventHandler00024
                0x8004373e                S2_DMPS_Installer_Tools_v1_13EventHandler0004C
                0x8004295c                S2_DMPS_Installer_Tools_v1_13EventHandler0002E
                0x80051cd6                S2_DMPS_Installer_Tools_v1_13EventHandler00036
                0x80042002                S2_DMPS_Installer_Tools_v1_13EventHandler00028
                0x80051e12                S2_DMPS_Installer_Tools_v1_13EventHandler00038
                0x8003d91e                S2_DMPS_Installer_Tools_v1_13RESTOREAUDIODEFAULTSWAIT
                0x8004263e                S2_DMPS_Installer_Tools_v1_13EventHandler0002C
                0x800407ba                S2_DMPS_Installer_Tools_v1_13EventHandler00017
                0x8003db7c                S2_DMPS_Installer_Tools_v1_13RESTOREDEFAULTSWAIT
                0x800529c2                S2_DMPS_Installer_Tools_v1_13EventHandler0004B
                0x80051afc                S2_DMPS_Installer_Tools_v1_13EventHandler00033
                0x8004451e                S2_DMPS_Installer_Tools_v1_13EventHandler00050
                0x80042320                S2_DMPS_Installer_Tools_v1_13EventHandler0002A
                0x8003faaa                S2_DMPS_Installer_Tools_v1_13EventHandler00013
                0x80045442                S2_DMPS_Installer_Tools_v1_13EventHandler00052
                0x8003ffde                S2_DMPS_Installer_Tools_v1_13EventHandler00015
                0x80029752                S2_DMPS_Installer_Tools_v1_13EventHandler0000C
                0x80043d8c                S2_DMPS_Installer_Tools_v1_13EventHandler0004F
                0x8005208a                S2_DMPS_Installer_Tools_v1_13EventHandler0003C
                0x800298ca                S2_DMPS_Installer_Tools_v1_13EventHandler0000D
                0x80045f7e                S2_DMPS_Installer_Tools_v1_13EventHandler00058
                0x800524dc                S2_DMPS_Installer_Tools_v1_13EventHandler00043
                0x80016696                S2_DMPS_Installer_Tools_v1_13EventHandler00000
                0x8002041c                S2_DMPS_Installer_Tools_v1_13EventHandler00007
                0x8005243e                S2_DMPS_Installer_Tools_v1_13EventHandler00042
                0x80052618                S2_DMPS_Installer_Tools_v1_13EventHandler00045
                0x80051724                S2_DMPS_Installer_Tools_v1_13WRONGPASSWORDWAIT
                0x8001704a                S2_DMPS_Installer_Tools_v1_13EventHandler00002
                0x8003ea88                S2_DMPS_Installer_Tools_v1_13EventHandler00012
                0x80045bd4                S2_DMPS_Installer_Tools_v1_13EventHandler00057
                0x800518c6                S2_DMPS_Installer_Tools_v1_13EventHandler0001A
                0x8004118c                S2_DMPS_Installer_Tools_v1_13EventHandler0001F
                0x80043074                S2_DMPS_Installer_Tools_v1_13EventHandler00030
                0x80051d74                S2_DMPS_Installer_Tools_v1_13EventHandler00037
                0x8003e148                S2_DMPS_Installer_Tools_v1_13EventHandler0000F
                0x800417d8                S2_DMPS_Installer_Tools_v1_13EventHandler00023
                0x80041b1c                S2_DMPS_Installer_Tools_v1_13EventHandler00025
                0x800427cc                S2_DMPS_Installer_Tools_v1_13EventHandler0002D
                0x80040a40                S2_DMPS_Installer_Tools_v1_13EventHandler00018
                0x800414a8                S2_DMPS_Installer_Tools_v1_13EventHandler00021
                0x8004131a                S2_DMPS_Installer_Tools_v1_13EventHandler00020
                0x80041e60                S2_DMPS_Installer_Tools_v1_13EventHandler00027
                0x8005199e                S2_DMPS_Installer_Tools_v1_13EventHandler0001D
                0x80051c38                S2_DMPS_Installer_Tools_v1_13EventHandler00035
                0x80052128                S2_DMPS_Installer_Tools_v1_13EventHandler0003D
 .text          0x80052c24     0x2168 S2_APAD_Long_Text_Edit.o
                0x80054ca4                S2_APAD_Long_Text_EditEventHandler0000D
                0x800546fe                S2_APAD_Long_Text_Edit_main
                0x80053958                S2_APAD_Long_Text_EditEventHandler00005
                0x800548f2                S2_APAD_Long_Text_EditEventHandler00002
                0x80054b6e                S2_APAD_Long_Text_EditEventHandler0000A
                0x80053f50                S2_APAD_Long_Text_EditEventHandler00007
                0x80054baa                S2_APAD_Long_Text_EditEventHandler0000B
                0x80053b80                S2_APAD_Long_Text_EditEventHandler00006
                0x800549b4                S2_APAD_Long_Text_EditEventHandler00003
                0x80054be6                S2_APAD_Long_Text_EditEventHandler0000C
                0x80054a4c                S2_APAD_Long_Text_EditEventHandler00008
                0x80054618                S2_APAD_Long_Text_Edit_EventHandler
                0x8005432a                S2_APAD_Long_Text_EditEventHandler00009
                0x80053442                S2_APAD_Long_Text_EditEventHandler00000
                0x800536f6                S2_APAD_Long_Text_EditEventHandler00004
                0x8005359c                S2_APAD_Long_Text_EditEventHandler00001
 .text          0x80054d8c     0x1078 S2_UserProgCmd_Interface_v1_0.o
                0x80054ea6                S2_UserProgCmd_Interface_v1_0EventHandler00000
                0x80055c8c                S2_UserProgCmd_Interface_v1_0_main
                0x80055ba8                S2_UserProgCmd_Interface_v1_0_EventHandler
 .text          0x80055e04      0x34c S2_UserProgCmd_Interface_Serial_To_Analog_v1_0.o
                0x80055f02                S2_UserProgCmd_Interface_Serial_To_Analog_v1_0_main
                0x80055e04                S2_UserProgCmd_Interface_Serial_To_Analog_v1_0_EventHandler
                0x800560c0                S2_UserProgCmd_Interface_Serial_To_Analog_v1_0EventHandler00001
                0x80055fce                S2_UserProgCmd_Interface_Serial_To_Analog_v1_0EventHandler00000
 .text          0x80056150     0x32b4 S2_DMPS_System_Info_V1_0_2.o
                0x80058f96                S2_DMPS_System_Info_V1_0_2EventHandler00002
                0x80059362                S2_DMPS_System_Info_V1_0_2EventHandler00008
                0x8005921e                S2_DMPS_System_Info_V1_0_2EventHandler00006
                0x80056150                S2_DMPS_System_Info_V1_0_2EventHandler00000
                0x80059038                S2_DMPS_System_Info_V1_0_2EventHandler00003
                0x80058c28                S2_DMPS_System_Info_V1_0_2_EventHandler
                0x80058cda                S2_DMPS_System_Info_V1_0_2_main
                0x80056558                S2_DMPS_System_Info_V1_0_2EventHandler00001
                0x80058ee2                S2_DMPS_System_Info_V1_0_2__SPLS_TMPVAR__WAITLABEL_0__
                0x8005917c                S2_DMPS_System_Info_V1_0_2EventHandler00005
                0x800590da                S2_DMPS_System_Info_V1_0_2EventHandler00004
                0x800592c0                S2_DMPS_System_Info_V1_0_2EventHandler00007
 .text          0x80059404     0x1e9c S2_Single_Line_Scroller_v1_2.o
                0x80059ab4                S2_Single_Line_Scroller_v1_2EventHandler00000
                0x8005a08a                S2_Single_Line_Scroller_v1_2EventHandler00001
                0x8005ae64                S2_Single_Line_Scroller_v1_2_main
                0x8005a22a                S2_Single_Line_Scroller_v1_2EventHandler00002
                0x8005b212                S2_Single_Line_Scroller_v1_2EventHandler00006
                0x8005aa82                S2_Single_Line_Scroller_v1_2EventHandler00007
                0x8005ad98                S2_Single_Line_Scroller_v1_2_EventHandler
                0x8005a86a                S2_Single_Line_Scroller_v1_2EventHandler00005
                0x8005a47e                S2_Single_Line_Scroller_v1_2EventHandler00003
                0x8005a6be                S2_Single_Line_Scroller_v1_2EventHandler00004
 .text          0x8005b2a0     0x1140 S2_IP_Address_Edit_with_Up_Down.o
                0x8005c368                S2_IP_Address_Edit_with_Up_DownEventHandler00000
                0x8005c3a4                S2_IP_Address_Edit_with_Up_DownEventHandler00001
                0x8005bfbc                S2_IP_Address_Edit_with_Up_Down_EventHandler
                0x8005c0aa                S2_IP_Address_Edit_with_Up_Down_main
 .text          0x8005c3e0      0xd38 S2_IP_Address_Edit_Acceleration.o
                0x8005c8b4                S2_IP_Address_Edit_AccelerationEventHandler00000
                0x8005cb48                S2_IP_Address_Edit_Acceleration_EventHandler
                0x8005cc26                S2_IP_Address_Edit_Acceleration_main
 .text          0x8005d118      0x53c S2_DMPS_Analog_To_String_Conversion_v1_1.o
                0x8005d118                S2_DMPS_Analog_To_String_Conversion_v1_1EventHandler00000
                0x8005d538                S2_DMPS_Analog_To_String_Conversion_v1_1_EventHandler
                0x8005d5f4                S2_DMPS_Analog_To_String_Conversion_v1_1_main
 .text          0x8005d654      0x31c S2_DMPS_String_to_Analog_Conversion_v1_1.o
                0x8005d8e0                S2_DMPS_String_to_Analog_Conversion_v1_1_main
                0x8005d654                S2_DMPS_String_to_Analog_Conversion_v1_1EventHandler00000
                0x8005d83a                S2_DMPS_String_to_Analog_Conversion_v1_1_EventHandler
 .text          0x8005d970     0x1518 S2_Polycom_SoundStructure_Feedback_Processor_v2_1.o
                0x8005ee3c                S2_Polycom_SoundStructure_Feedback_Processor_v2_1WTIMEOUT
                0x8005dafa                S2_Polycom_SoundStructure_Feedback_Processor_v2_1EventHandler00001
                0x8005eadc                S2_Polycom_SoundStructure_Feedback_Processor_v2_1_EventHandler
                0x8005dcfa                S2_Polycom_SoundStructure_Feedback_Processor_v2_1EventHandler00002
                0x8005ec0a                S2_Polycom_SoundStructure_Feedback_Processor_v2_1_main
                0x8005e88e                S2_Polycom_SoundStructure_Feedback_Processor_v2_1EventHandler00003
                0x8005d970                S2_Polycom_SoundStructure_Feedback_Processor_v2_1EventHandler00000
 .text          0x8005ee88     0x1ada S2_Polycom_SoundStructure_Input_Basic_Feedback_v2_1.o
                0x80060658                S2_Polycom_SoundStructure_Input_Basic_Feedback_v2_1_main
                0x80060316                S2_Polycom_SoundStructure_Input_Basic_Feedback_v2_1EventHandler00002
                0x80060878                S2_Polycom_SoundStructure_Input_Basic_Feedback_v2_1EventHandler00000
                0x8005ee88                S2_Polycom_SoundStructure_Input_Basic_Feedback_v2_1EventHandler00001
                0x80060564                S2_Polycom_SoundStructure_Input_Basic_Feedback_v2_1_EventHandler
 *fill*         0x80060962        0x2
 .text          0x80060964     0x2068 S2_AAVSI_Polycom_SoundStructure_Output_Muting_R3.o
                0x8006289c                S2_AAVSI_Polycom_SoundStructure_Output_Muting_R3EventHandler00005
                0x8006282e                S2_AAVSI_Polycom_SoundStructure_Output_Muting_R3EventHandler00004
                0x800628b4                S2_AAVSI_Polycom_SoundStructure_Output_Muting_R3EventHandler00006
                0x800627c2                S2_AAVSI_Polycom_SoundStructure_Output_Muting_R3EventHandler00003
                0x800623ce                S2_AAVSI_Polycom_SoundStructure_Output_Muting_R3_main
                0x80060964                S2_AAVSI_Polycom_SoundStructure_Output_Muting_R3EventHandler00002
                0x8006298e                S2_AAVSI_Polycom_SoundStructure_Output_Muting_R3EventHandler00008
                0x800626f8                S2_AAVSI_Polycom_SoundStructure_Output_Muting_R3EventHandler00001
                0x8006260a                S2_AAVSI_Polycom_SoundStructure_Output_Muting_R3EventHandler00000
                0x80061f56                S2_AAVSI_Polycom_SoundStructure_Output_Muting_R3EventHandler00007
                0x800622ce                S2_AAVSI_Polycom_SoundStructure_Output_Muting_R3_EventHandler
 .text          0x800629cc     0x5836 library.o
                0x80066bb8                RotateRightLong
                0x800671c6                IsSystem
                0x80066b1c                Seed
                0x80064414                Remove
                0x80066798                Ltoa
                0x800664c4                Atoi
                0x8006582c                InitRampInfoArray
                0x80066f72                Right
                0x80067fa2                LockInputSema
                0x80066a46                Mod
                0x80066c2e                Getc
                0x8006697a                SMuldiv
                0x800671a8                IsHidden
                0x8006685e                Min
                0x80067db6                hextosi
                0x8006734c                WriteIntegerArray
                0x800678c2                GetSignedIntArrayElementPtr
                0x800661e6                CheckStructArray
                0x80067dca                hextosl
                0x800674d2                WriteSignedIntegerArray
                0x80065eae                InitStringParamArray
                0x80065180                ReadSignedLongIntegerArray
                0x800640a2                GatherToDelimiter
                0x80065cd2                InitStringArray
                0x80066838                Max
                0x80067202                IsReadOnly
                0x80066942                SMax
                0x80064246                GatherByLength
                0x800666d2                Chr
                0x80067324                ReadSignedLongInteger
                0x80066750                Itohex
                0x80066158                GetStructArrayElement
                0x8006644c                UNS_SetByte
                0x80066f46                ReverseFindi
                0x80065628                ReadStringArray
                0x800676d2                GetIntArrayElementPtr
                0x80066d82                Lower
                0x80066b38                RotateLeft
                0x80067eea                ResizeIfAutogrow
                0x80065958                CheckInputArray
                0x80062f3a                ResizeStringArray
                0x80066664                Atosl
                0x8006648c                High
                0x80066ae8                Rnd
                0x80066a0a                UMod
                0x80066b8e                RotateLeftLong
                0x80068016                FindNumericChar
                0x80067b1a                CheckIOArrayBounds2
                0x80067160                MakeProgramFilename
                0x8006695e                SMin
                0x80066cb6                Left
                0x80066bf8                CheckBufferThreshold
                0x800672dc                ReadSignedInteger
                0x800664b6                LowWord
                0x800629cc                Bit
                0x8006728c                ReadLongInteger
                0x800662ca                Byte
                0x800677ca                GetLongArrayElementPtr
                0x80066f18                ReverseFind
                0x80067176                GetSeries
                0x800680e2                InitTcpServer
                0x80066d6a                Len
                0x80067bea                InitializeRampInfoInternal
                0x80066884                Divide
                0x800665d0                Atol
                0x8006716c                GetModelNumber
                0x80067ab2                CheckIOArrayBounds
                0x800659b2                CheckStringInputArray
                0x80067594                WriteSignedLongIntegerArray
                0x800660a2                GetStringArrayElement
                0x800667dc                Ltohex
                0x80066708                Itoa
                0x80066b62                RotateRight
                0x80064702                InternalReverseFind
                0x8006726c                WriteLongInteger
                0x80065bd6                InitDynamicStringStruct
                0x80065ac8                SetStringArray
                0x80064f5e                ReadSignedIntegerArray
                0x80065a0c                SetOutputArray
                0x8006721c                WriteInteger
                0x80066036                InitStructDynamicArray
                0x8006498c                SetString
                0x80066a82                Random
                0x800672b4                WriteSignedInteger
                0x80062c30                Find
                0x80067180                GetProgramNumber
                0x80066e56                Mid
                0x80068054                InitTcpClient
                0x80063b1e                ResizeStructArray
                0x800679ba                GetSignedLongArrayElementPtr
                0x80067ddc                hextol
                0x800653a2                ReadString
                0x80065d68                InitDynamicStringArray
                0x80067ec2                UpperChar
                0x80066560                Atosi
                0x80067244                ReadInteger
                0x800668f6                Muldiv
                0x80065a7a                SetStringOutputArray
                0x80067658                WriteString
                0x80063592                ResizeIntegerArray
                0x80065920                InitInOutArray
                0x80065f76                InitNvramStringArray
                0x80066820                Abs
                0x800669c6                SDivide
                0x80064b1c                ReadIntegerArray
                0x80062adc                CompareStrings
                0x80067e9a                LowerChar
                0x80068172                InitUdpSocket
                0x80066be0                ClearBuffer
                0x8006702e                Upper
                0x80066012                InitStructArray
                0x80067104                MakeLower
                0x800671e4                IsVolume
                0x8006456e                RemoveByLength
                0x80066262                CheckStringOutputArrayIndex
                0x8006740e                WriteLongIntegerArray
                0x80067c96                InitRampInfoStructArray
                0x800664a8                HighWord
                0x80062da4                ResizeString
                0x8006718a                IsDirectory
                0x80064d3c                ReadLongIntegerArray
                0x8006649a                Low
                0x80063f48                Gather
                0x80067132                MakeUpper
                0x80065b98                InitStringStruct
                0x80067b82                CheckStringArrayBounds
                0x800668c8                CheckDenominator
                0x80067d9e                hextoi
                0x800654c0                WriteStringArray
                0x8006638a                SetByte
                0x80067c40                InitializeRampInfo
                0x80067fdc                UnLockInputSema
                0x80067304                WriteSignedLongInteger
                0x80065c8a                InitNvramStringStruct
 *fill*         0x80068202        0xe
                0x80068210                .=ALIGN(0x10)
 *(.eh_frame)
                0x80068210                .=ALIGN(0x10)
 *(.gnu.linkonce.t.*)
                0x80068210                .=ALIGN(0x4)
                0x80068210                __CTOR_LIST__=.
                0x80068210                ___CTOR_LIST__=.
                0x80068210        0x4 LONG 0x0 (((__CTOR_END__-__CTOR_LIST__)/0x4)-0x2)
 *(.ctors)
                0x80068214        0x4 LONG 0x0
                0x80068218                __CTOR_END__=.
                0x80068218                __DTOR_LIST__=.
                0x80068218                ___DTOR_LIST__=.
                0x80068218        0x4 LONG 0x0 (((__DTOR_END__-__DTOR_LIST__)/0x4)-0x2)
 *(.dtors)
                0x8006821c        0x4 LONG 0x0
                0x80068220                __DTOR_END__=.
 *(.rodata)
 .rodata        0x80068220      0x23b S2_String_Check.o
 .rodata        0x8006845b      0x2f5 S2_MPS_Text_Centering.o
 .rodata        0x80068750      0x3fb S2_Knob_Acceleration__Pkt_.o
 .rodata        0x80068b4b      0x687 S2_DMPS_Text_Router_v1_0.o
 .rodata        0x800691d2     0x2b1d S2_DMPS_Installer_Tools_v1_13.o
 .rodata        0x8006bcef      0x3b7 S2_APAD_Long_Text_Edit.o
 .rodata        0x8006c0a6      0x457 S2_UserProgCmd_Interface_v1_0.o
 .rodata        0x8006c4fd      0x24a S2_UserProgCmd_Interface_Serial_To_Analog_v1_0.o
 .rodata        0x8006c747      0x814 S2_DMPS_System_Info_V1_0_2.o
 .rodata        0x8006cf5b      0x38d S2_Single_Line_Scroller_v1_2.o
 .rodata        0x8006d2e8      0x261 S2_IP_Address_Edit_with_Up_Down.o
 .rodata        0x8006d549      0x2de S2_IP_Address_Edit_Acceleration.o
 .rodata        0x8006d827      0x2d2 S2_DMPS_Analog_To_String_Conversion_v1_1.o
 .rodata        0x8006daf9      0x23b S2_DMPS_String_to_Analog_Conversion_v1_1.o
 .rodata        0x8006dd34      0x386 S2_Polycom_SoundStructure_Feedback_Processor_v2_1.o
 .rodata        0x8006e0ba      0x402 S2_Polycom_SoundStructure_Input_Basic_Feedback_v2_1.o
 .rodata        0x8006e4bc      0x552 S2_AAVSI_Polycom_SoundStructure_Output_Muting_R3.o
 .rodata        0x8006ea0e      0xc54 library.o
 *(.gcc_except_table)
                0x8006f662                .=ALIGN(0x2)
                0x8006f662                __INIT_SECTION__=.
                0x8006f662        0x4 LONG 0x4e560000
 *(.init)
                0x8006f666        0x2 SHORT 0x4e5e
                0x8006f668        0x2 SHORT 0x4e75
                0x8006f66a                __FINI_SECTION__=.
                0x8006f66a        0x4 LONG 0x4e560000
 *(.fini)
                0x8006f66e        0x2 SHORT 0x4e5e
                0x8006f670        0x2 SHORT 0x4e75
 *(.lit)
 *fill*         0x8006f672        0xe
                0x8006f680                .=ALIGN(0x10)
                0x8006f680                _etext=.
                0x8006f680                etext=.

.data           0x8006f680        0x0
                0x8006f680                copy_start=.
 *(.shdata)
 *(.data)
 *(.gnu.linkonce.d.*)
                0x8006f680                .=ALIGN(0x10)
                0x8006f680                _edata=.
                0x8006f680                copy_end=.

.got
 *(.got.plt)
 *(.got)

EntryList       0x8006f680     0x1210
 *(EntryList)
 EntryList      0x8006f680      0x110 S2_String_Check.o
                0x8006f680                S2_String_Check_Entry
 EntryList      0x8006f790      0x110 S2_MPS_Text_Centering.o
                0x8006f790                S2_MPS_Text_Centering_Entry
 EntryList      0x8006f8a0      0x110 S2_Knob_Acceleration__Pkt_.o
                0x8006f8a0                S2_Knob_Acceleration__Pkt__Entry
 EntryList      0x8006f9b0      0x110 S2_DMPS_Text_Router_v1_0.o
                0x8006f9b0                S2_DMPS_Text_Router_v1_0_Entry
 EntryList      0x8006fac0      0x110 S2_DMPS_Installer_Tools_v1_13.o
                0x8006fac0                S2_DMPS_Installer_Tools_v1_13_Entry
 EntryList      0x8006fbd0      0x110 S2_APAD_Long_Text_Edit.o
                0x8006fbd0                S2_APAD_Long_Text_Edit_Entry
 EntryList      0x8006fce0      0x110 S2_UserProgCmd_Interface_v1_0.o
                0x8006fce0                S2_UserProgCmd_Interface_v1_0_Entry
 EntryList      0x8006fdf0      0x110 S2_UserProgCmd_Interface_Serial_To_Analog_v1_0.o
                0x8006fdf0                S2_UserProgCmd_Interface_Serial_To_Analog_v1_0_Entry
 EntryList      0x8006ff00      0x110 S2_DMPS_System_Info_V1_0_2.o
                0x8006ff00                S2_DMPS_System_Info_V1_0_2_Entry
 EntryList      0x80070010      0x110 S2_Single_Line_Scroller_v1_2.o
                0x80070010                S2_Single_Line_Scroller_v1_2_Entry
 EntryList      0x80070120      0x110 S2_IP_Address_Edit_with_Up_Down.o
                0x80070120                S2_IP_Address_Edit_with_Up_Down_Entry
 EntryList      0x80070230      0x110 S2_IP_Address_Edit_Acceleration.o
                0x80070230                S2_IP_Address_Edit_Acceleration_Entry
 EntryList      0x80070340      0x110 S2_DMPS_Analog_To_String_Conversion_v1_1.o
                0x80070340                S2_DMPS_Analog_To_String_Conversion_v1_1_Entry
 EntryList      0x80070450      0x110 S2_DMPS_String_to_Analog_Conversion_v1_1.o
                0x80070450                S2_DMPS_String_to_Analog_Conversion_v1_1_Entry
 EntryList      0x80070560      0x110 S2_Polycom_SoundStructure_Feedback_Processor_v2_1.o
                0x80070560                S2_Polycom_SoundStructure_Feedback_Processor_v2_1_Entry
 EntryList      0x80070670      0x110 S2_Polycom_SoundStructure_Input_Basic_Feedback_v2_1.o
                0x80070670                S2_Polycom_SoundStructure_Input_Basic_Feedback_v2_1_Entry
 EntryList      0x80070780      0x110 S2_AAVSI_Polycom_SoundStructure_Output_Muting_R3.o
                0x80070780                S2_AAVSI_Polycom_SoundStructure_Output_Muting_R3_Entry
                0x80070890                .=ALIGN(0x4)

FunctionList    0x80070890        0x4
 *(FunctionList)
 FunctionList   0x80070890        0x4 globals.o
                0x80070890                g_pFunctions
                0x80070894                .=ALIGN(0x4)

.bss            0x80070894        0x0
                0x80070894                .=ALIGN(0x4)
                0x80070894                __bss_start=.
 *(.shbss)
 *(.bss)
 *(COMMON)
                0x80070898                _end=ALIGN(0x8)
                0x80070898                __end=_end

.stab
 *(.stab)

.stabstr
 *(.stabstr)

.debug
 *(.debug)

.line
 *(.line)

.debug_srcinfo
 *(.debug_srcinfo)

.debug_sfnames
 *(.debug_sfnames)

.debug_aranges
 *(.debug_aranges)

.debug_pubnames
 *(.debug_pubnames)

.debug_info
 *(.debug_info)

.debug_abbrev
 *(.debug_abbrev)

.debug_line
 *(.debug_line)

.debug_frame
 *(.debug_frame)

.debug_str
 *(.debug_str)

.debug_loc
 *(.debug_loc)

.debug_macinfo
 *(.debug_macinfo)

.debug_weaknames
 *(.debug_weaknames)

.debug_funcnames
 *(.debug_funcnames)

.debug_typenames
 *(.debug_typenames)

.debug_varnames
 *(.debug_varnames)
LOAD S2_String_Check.o
LOAD S2_MPS_Text_Centering.o
LOAD S2_Knob_Acceleration__Pkt_.o
LOAD S2_DMPS_Text_Router_v1_0.o
LOAD S2_DMPS_Installer_Tools_v1_13.o
LOAD S2_APAD_Long_Text_Edit.o
LOAD S2_UserProgCmd_Interface_v1_0.o
LOAD S2_UserProgCmd_Interface_Serial_To_Analog_v1_0.o
LOAD S2_DMPS_System_Info_V1_0_2.o
LOAD S2_Single_Line_Scroller_v1_2.o
LOAD S2_IP_Address_Edit_with_Up_Down.o
LOAD S2_IP_Address_Edit_Acceleration.o
LOAD S2_DMPS_Analog_To_String_Conversion_v1_1.o
LOAD S2_DMPS_String_to_Analog_Conversion_v1_1.o
LOAD S2_Polycom_SoundStructure_Feedback_Processor_v2_1.o
LOAD S2_Polycom_SoundStructure_Input_Basic_Feedback_v2_1.o
LOAD S2_AAVSI_Polycom_SoundStructure_Output_Muting_R3.o
LOAD globals.o
LOAD library.o
OUTPUT(_S2_NET_WC_Rolling_AV_Lab.spl elf32-m68k)

.comment        0x80070894      0x2d2
 .comment       0x80070894       0x26 S2_String_Check.o
 .comment       0x800708ba       0x26 S2_MPS_Text_Centering.o
 .comment       0x800708e0       0x26 S2_Knob_Acceleration__Pkt_.o
 .comment       0x80070906       0x26 S2_DMPS_Text_Router_v1_0.o
 .comment       0x8007092c       0x26 S2_DMPS_Installer_Tools_v1_13.o
 .comment       0x80070952       0x26 S2_APAD_Long_Text_Edit.o
 .comment       0x80070978       0x26 S2_UserProgCmd_Interface_v1_0.o
 .comment       0x8007099e       0x26 S2_UserProgCmd_Interface_Serial_To_Analog_v1_0.o
 .comment       0x800709c4       0x26 S2_DMPS_System_Info_V1_0_2.o
 .comment       0x800709ea       0x26 S2_Single_Line_Scroller_v1_2.o
 .comment       0x80070a10       0x26 S2_IP_Address_Edit_with_Up_Down.o
 .comment       0x80070a36       0x26 S2_IP_Address_Edit_Acceleration.o
 .comment       0x80070a5c       0x26 S2_DMPS_Analog_To_String_Conversion_v1_1.o
 .comment       0x80070a82       0x26 S2_DMPS_String_to_Analog_Conversion_v1_1.o
 .comment       0x80070aa8       0x26 S2_Polycom_SoundStructure_Feedback_Processor_v2_1.o
 .comment       0x80070ace       0x26 S2_Polycom_SoundStructure_Input_Basic_Feedback_v2_1.o
 .comment       0x80070af4       0x26 S2_AAVSI_Polycom_SoundStructure_Output_Muting_R3.o
 .comment       0x80070b1a       0x26 globals.o
 .comment       0x80070b40       0x26 library.o
